// Jest Snapshot v1, https://goo.gl/fbAQLP

exports[`CoursePage matches snapshot 1`] = `
<DocumentFragment>
  <div
    class="mt-[40px] sm:mt-[60px]"
  >
    <p>
      Загрузка курса...
    </p>
  </div>
</DocumentFragment>
`;
